// Vitest Snapshot v1, https://vitest.dev/guide/snapshot.html

exports[`Footer > debería coincidir con el snapshot 1`] = `
<div>
  <footer
    class="bg-dark text-white py-5 shadow-sm"
  >
    <div
      class="container"
    >
      <div
        class="row"
      >
        <div
          class="col-md-4 mb-4 mb-md-0 text-center"
        >
          <h5
            class="mb-3"
          >
            Enlaces Rápidos
          </h5>
          <ul
            class="list-unstyled"
          >
            <li>
              <a
                class="text-white"
                href="/views/shop/products.html"
              >
                Productos
              </a>
            </li>
            <li>
              <a
                class="text-white"
                href="/views/about.html"
              >
                Nosotros
              </a>
            </li>
            <li>
              <a
                class="text-white"
                href="/views/blog.html"
              >
                Blog
              </a>
            </li>
            <li>
              <a
                class="text-white"
                href="/views/contact.html"
              >
                Contacto
              </a>
            </li>
          </ul>
        </div>
        <div
          class="col-md-4 mb-4 mb-md-0 text-center"
        >
          <img
            alt="Level-Up Gamer Logotype"
            class="img-fluid mb-3 footer-logo"
            src="/img/logotype.png"
            style="width: 150px;"
          />
          <p>
            Tu tienda de confianza para todo lo relacionado con gaming en Chile.
          </p>
        </div>
        <div
          class="col-md-4 text-center"
        >
          <h5
            class="mb-3"
          >
            Síguenos
          </h5>
          <div
            class="d-flex gap-3 justify-content-center"
          >
            <a
              class="text-white"
              href="#"
            >
              <i
                class="bi bi-facebook"
              />
            </a>
            <a
              class="text-white"
              href="#"
            >
              <i
                class="bi bi-twitter"
              />
            </a>
            <a
              class="text-white"
              href="#"
            >
              <i
                class="bi bi-instagram"
              />
            </a>
          </div>
        </div>
      </div>
      <hr
        class="my-4"
      />
      <div
        class="text-center"
      >
        <p
          class="mb-0"
        >
          © 2025 Level-Up Gamer. Todos los derechos reservados.
        </p>
      </div>
    </div>
  </footer>
</div>
`;
